[      80ms] [INFO] %cDownload the React DevTools for a better development experience: https://reactjs.org/link/react-devtools font-weight:bold @ http://localhost:5173/node_modules/.vite/deps/chunk-NUMECXU6.js?v=6ac47136:21550
[      97ms] [WARNING] ⚠️ React Router Future Flag Warning: React Router will begin wrapping state updates in `React.startTransition` in v7. You can use the `v7_startTransition` future flag to opt-in early. For more information, see https://reactrouter.com/v6/upgrading/future#v7_starttransition. @ http://localhost:5173/node_modules/.vite/deps/react-router-dom.js?v=6ac47136:4435
[      97ms] [WARNING] ⚠️ React Router Future Flag Warning: Relative route resolution within Splat routes is changing in v7. You can use the `v7_relativeSplatPath` future flag to opt-in early. For more information, see https://reactrouter.com/v6/upgrading/future#v7_relativesplatpath. @ http://localhost:5173/node_modules/.vite/deps/react-router-dom.js?v=6ac47136:4435
[  341472ms] ReferenceError: bottomNavItems is not defined
    at Layout (http://localhost:5173/src/components/Layout.tsx?t=1785277423266:521:7)
    at renderWithHooks (http://localhost:5173/node_modules/.vite/deps/chunk-NUMECXU6.js?v=6ac47136:11548:26)
    at updateFunctionComponent (http://localhost:5173/node_modules/.vite/deps/chunk-NUMECXU6.js?v=6ac47136:14582:28)
    at beginWork (http://localhost:5173/node_modules/.vite/deps/chunk-NUMECXU6.js?v=6ac47136:15924:22)
    at HTMLUnknownElement.callCallback2 (http://localhost:5173/node_modules/.vite/deps/chunk-NUMECXU6.js?v=6ac47136:3674:22)
    at Object.invokeGuardedCallbackDev (http://localhost:5173/node_modules/.vite/deps/chunk-NUMECXU6.js?v=6ac47136:3699:24)
    at invokeGuardedCallback (http://localhost:5173/node_modules/.vite/deps/chunk-NUMECXU6.js?v=6ac47136:3733:39)
    at beginWork$1 (http://localhost:5173/node_modules/.vite/deps/chunk-NUMECXU6.js?v=6ac47136:19765:15)
    at performUnitOfWork (http://localhost:5173/node_modules/.vite/deps/chunk-NUMECXU6.js?v=6ac47136:19198:20)
    at workLoopSync (http://localhost:5173/node_modules/.vite/deps/chunk-NUMECXU6.js?v=6ac47136:19137:13)
[  341473ms] ReferenceError: bottomNavItems is not defined
    at Layout (http://localhost:5173/src/components/Layout.tsx?t=1785277423266:521:7)
    at renderWithHooks (http://localhost:5173/node_modules/.vite/deps/chunk-NUMECXU6.js?v=6ac47136:11548:26)
    at updateFunctionComponent (http://localhost:5173/node_modules/.vite/deps/chunk-NUMECXU6.js?v=6ac47136:14582:28)
    at beginWork (http://localhost:5173/node_modules/.vite/deps/chunk-NUMECXU6.js?v=6ac47136:15924:22)
    at HTMLUnknownElement.callCallback2 (http://localhost:5173/node_modules/.vite/deps/chunk-NUMECXU6.js?v=6ac47136:3674:22)
    at Object.invokeGuardedCallbackDev (http://localhost:5173/node_modules/.vite/deps/chunk-NUMECXU6.js?v=6ac47136:3699:24)
    at invokeGuardedCallback (http://localhost:5173/node_modules/.vite/deps/chunk-NUMECXU6.js?v=6ac47136:3733:39)
    at beginWork$1 (http://localhost:5173/node_modules/.vite/deps/chunk-NUMECXU6.js?v=6ac47136:19765:15)
    at performUnitOfWork (http://localhost:5173/node_modules/.vite/deps/chunk-NUMECXU6.js?v=6ac47136:19198:20)
    at workLoopSync (http://localhost:5173/node_modules/.vite/deps/chunk-NUMECXU6.js?v=6ac47136:19137:13)
[  341474ms] [ERROR] The above error occurred in the <Layout> component:

    at Layout (http://localhost:5173/src/components/Layout.tsx?t=1785277423266:259:28)
    at PrivateRoute (http://localhost:5173/src/components/PrivateRoute.tsx?t=1785235322762:20:40)
    at RenderedRoute (http://localhost:5173/node_modules/.vite/deps/react-router-dom.js?v=6ac47136:4131:5)
    at Routes (http://localhost:5173/node_modules/.vite/deps/react-router-dom.js?v=6ac47136:4601:5)
    at AuthProvider (http://localhost:5173/src/context/AuthContext.tsx?t=1785235322762:21:32)
    at Router (http://localhost:5173/node_modules/.vite/deps/react-router-dom.js?v=6ac47136:4544:15)
    at BrowserRouter (http://localhost:5173/node_modules/.vite/deps/react-router-dom.js?v=6ac47136:5290:5)
    at App
    at ToastProvider (http://localhost:5173/src/components/Toast.tsx:21:33)

Consider adding an error boundary to your tree to customize error handling behavior.
Visit https://reactjs.org/link/error-boundaries to learn more about error boundaries. @ http://localhost:5173/node_modules/.vite/deps/chunk-NUMECXU6.js?v=6ac47136:14031
[  341474ms] ReferenceError: bottomNavItems is not defined
    at Layout (http://localhost:5173/src/components/Layout.tsx?t=1785277423266:521:7)
    at renderWithHooks (http://localhost:5173/node_modules/.vite/deps/chunk-NUMECXU6.js?v=6ac47136:11548:26)
    at updateFunctionComponent (http://localhost:5173/node_modules/.vite/deps/chunk-NUMECXU6.js?v=6ac47136:14582:28)
    at beginWork (http://localhost:5173/node_modules/.vite/deps/chunk-NUMECXU6.js?v=6ac47136:15924:22)
    at beginWork$1 (http://localhost:5173/node_modules/.vite/deps/chunk-NUMECXU6.js?v=6ac47136:19753:22)
    at performUnitOfWork (http://localhost:5173/node_modules/.vite/deps/chunk-NUMECXU6.js?v=6ac47136:19198:20)
    at workLoopSync (http://localhost:5173/node_modules/.vite/deps/chunk-NUMECXU6.js?v=6ac47136:19137:13)
    at renderRootSync (http://localhost:5173/node_modules/.vite/deps/chunk-NUMECXU6.js?v=6ac47136:19116:15)
    at recoverFromConcurrentError (http://localhost:5173/node_modules/.vite/deps/chunk-NUMECXU6.js?v=6ac47136:18736:28)
    at performSyncWorkOnRoot (http://localhost:5173/node_modules/.vite/deps/chunk-NUMECXU6.js?v=6ac47136:18879:28)
